// Jest Snapshot v1, https://goo.gl/fbAQLP

exports[`BroadcastState should return the good state in two time 1`] = `"anyData"`;
